../Core/Src/main.c:295:13:MX_GPIO_Init	16	static
../Core/Src/main.c:320:6:StartDefaultTask	8	static
../Core/Src/main.c:382:6:startCPU_Task	8	static
../Core/Src/main.c:95:5:_write	0	static,ignoring_inline_asm
../Core/Src/main.c:338:7:te	0	static
../Core/Src/main.c:345:6:StartTask02	16	static
../Core/Src/main.c:414:6:HAL_TIM_PeriodElapsedCallback	8	static
../Core/Src/main.c:434:6:Error_Handler	0	static,ignoring_inline_asm
../Core/Src/main.c:243:13:MX_TIM4_Init	56	static
../Core/Src/main.c:196:6:SystemClock_Config	88	static
../Core/Src/main.c:111:5:main	8	static
