../Core/Src/main.c:294:13:MX_GPIO_Init	16	static
../Core/Src/main.c:319:6:StartDefaultTask	8	static
../Core/Src/main.c:337:6:StartTask02	16	static
../Core/Src/main.c:368:6:startCPU_Task	8	static
../Core/Src/main.c:94:5:_write	0	static,ignoring_inline_asm
../Core/Src/main.c:400:6:HAL_TIM_PeriodElapsedCallback	8	static
../Core/Src/main.c:420:6:Error_Handler	0	static,ignoring_inline_asm
../Core/Src/main.c:242:13:MX_TIM4_Init	56	static
../Core/Src/main.c:195:6:SystemClock_Config	88	static
../Core/Src/main.c:110:5:main	8	static
